चुकीची मांडणी - ओळ क्रमांक: १
